// Jest Snapshot v1, https://goo.gl/fbAQLP

exports[`antd dist files exports modules correctly 1`] = `
Array [
  "Accordion",
  "ActionSheet",
  "ActivityIndicator",
  "Badge",
  "Button",
  "Card",
  "Carousel",
  "Checkbox",
  "DatePicker",
  "DatePickerView",
  "Drawer",
  "Flex",
  "Grid",
  "Icon",
  "ImagePicker",
  "InputItem",
  "List",
  "ListView",
  "Menu",
  "Modal",
  "NavBar",
  "NoticeBar",
  "Pagination",
  "Picker",
  "PickerView",
  "Popover",
  "Popup",
  "Progress",
  "Radio",
  "RefreshControl",
  "Result",
  "SearchBar",
  "SegmentedControl",
  "Slider",
  "Range",
  "createTooltip",
  "Stepper",
  "Steps",
  "SwipeAction",
  "Switch",
  "TabBar",
  "Tabs",
  "Tag",
  "Text",
  "TextareaItem",
  "Toast",
  "View",
  "WhiteSpace",
  "WingBlank",
  "LocaleProvider",
]
`;
